###############################################################################
#
# IAR ELF Linker V7.20.1.7305/W32 for ARM                 08/Jul/2019  07:11:43
# Copyright 2007-2014 IAR Systems AB.
#
#    Output file  =  F:\3MyCar\CarC3.0\Prj\IAR\DZ10_Debug\Exe\vcan_Kinetis.out
#    Map file     =  F:\3MyCar\CarC3.0\Prj\IAR\DZ10_Debug\List\vcan_Kinetis.map
#    Command line =  
#        F:\3MyCar\CarC3.0\Prj\IAR\DZ10_Debug\Obj\Beep.o
#        F:\3MyCar\CarC3.0\Prj\IAR\DZ10_Debug\Obj\Computer.o
#        F:\3MyCar\CarC3.0\Prj\IAR\DZ10_Debug\Obj\diskio.o
#        F:\3MyCar\CarC3.0\Prj\IAR\DZ10_Debug\Obj\elec.o
#        F:\3MyCar\CarC3.0\Prj\IAR\DZ10_Debug\Obj\ff.o
#        F:\3MyCar\CarC3.0\Prj\IAR\DZ10_Debug\Obj\Fuzzy.o
#        F:\3MyCar\CarC3.0\Prj\IAR\DZ10_Debug\Obj\GUI.o
#        F:\3MyCar\CarC3.0\Lib\CMSIS\iar_cortexM4l_math.a
#        F:\3MyCar\CarC3.0\Lib\CMSIS\iar_cortexM4lf_math.a
#        F:\3MyCar\CarC3.0\Prj\IAR\DZ10_Debug\Obj\image.o
#        F:\3MyCar\CarC3.0\Prj\IAR\DZ10_Debug\Obj\Init.o
#        F:\3MyCar\CarC3.0\Prj\IAR\DZ10_Debug\Obj\main.o
#        F:\3MyCar\CarC3.0\Prj\IAR\DZ10_Debug\Obj\misc.o
#        F:\3MyCar\CarC3.0\Prj\IAR\DZ10_Debug\Obj\MK60_adc.o
#        F:\3MyCar\CarC3.0\Prj\IAR\DZ10_Debug\Obj\MK60_conf.o
#        F:\3MyCar\CarC3.0\Prj\IAR\DZ10_Debug\Obj\MK60_dma.o
#        F:\3MyCar\CarC3.0\Prj\IAR\DZ10_Debug\Obj\MK60_DWT.o
#        F:\3MyCar\CarC3.0\Prj\IAR\DZ10_Debug\Obj\MK60_flash.o
#        F:\3MyCar\CarC3.0\Prj\IAR\DZ10_Debug\Obj\MK60_flexbus.o
#        F:\3MyCar\CarC3.0\Prj\IAR\DZ10_Debug\Obj\MK60_ftm.o
#        F:\3MyCar\CarC3.0\Prj\IAR\DZ10_Debug\Obj\MK60_gpio.o
#        F:\3MyCar\CarC3.0\Prj\IAR\DZ10_Debug\Obj\MK60_lptmr.o
#        F:\3MyCar\CarC3.0\Prj\IAR\DZ10_Debug\Obj\MK60_mcg.o
#        F:\3MyCar\CarC3.0\Prj\IAR\DZ10_Debug\Obj\MK60_PIT.o
#        F:\3MyCar\CarC3.0\Prj\IAR\DZ10_Debug\Obj\MK60_port.o
#        F:\3MyCar\CarC3.0\Prj\IAR\DZ10_Debug\Obj\MK60_rtc.o
#        F:\3MyCar\CarC3.0\Prj\IAR\DZ10_Debug\Obj\MK60_spi.o
#        F:\3MyCar\CarC3.0\Prj\IAR\DZ10_Debug\Obj\MK60_SysTick.o
#        F:\3MyCar\CarC3.0\Prj\IAR\DZ10_Debug\Obj\MK60_uart.o
#        F:\3MyCar\CarC3.0\Prj\IAR\DZ10_Debug\Obj\MK60_wdog.o
#        F:\3MyCar\CarC3.0\Prj\IAR\DZ10_Debug\Obj\PID.o
#        F:\3MyCar\CarC3.0\Prj\IAR\DZ10_Debug\Obj\startup_MK60DZ10.o
#        F:\3MyCar\CarC3.0\Prj\IAR\DZ10_Debug\Obj\system_MK60DZ10.o
#        F:\3MyCar\CarC3.0\Prj\IAR\DZ10_Debug\Obj\UltrasonicRanging.o
#        F:\3MyCar\CarC3.0\Prj\IAR\DZ10_Debug\Obj\USB.o
#        F:\3MyCar\CarC3.0\Prj\IAR\DZ10_Debug\Obj\USB_CDC.o
#        F:\3MyCar\CarC3.0\Prj\IAR\DZ10_Debug\Obj\VCAN_ASCII.o
#        F:\3MyCar\CarC3.0\Prj\IAR\DZ10_Debug\Obj\VCAN_camera.o
#        F:\3MyCar\CarC3.0\Prj\IAR\DZ10_Debug\Obj\VCAN_key.o
#        F:\3MyCar\CarC3.0\Prj\IAR\DZ10_Debug\Obj\VCAN_key_event.o
#        F:\3MyCar\CarC3.0\Prj\IAR\DZ10_Debug\Obj\VCAN_LCD.o
#        F:\3MyCar\CarC3.0\Prj\IAR\DZ10_Debug\Obj\VCAN_LCD_CH.o
#        F:\3MyCar\CarC3.0\Prj\IAR\DZ10_Debug\Obj\VCAN_LCD_ST7735R.o
#        F:\3MyCar\CarC3.0\Prj\IAR\DZ10_Debug\Obj\VCAN_LCD_ST7735S.o
#        F:\3MyCar\CarC3.0\Prj\IAR\DZ10_Debug\Obj\VCAN_LED.o
#        F:\3MyCar\CarC3.0\Prj\IAR\DZ10_Debug\Obj\VCAN_NRF24L0.o
#        F:\3MyCar\CarC3.0\Prj\IAR\DZ10_Debug\Obj\VCAN_NRF24L0_MSG.o
#        F:\3MyCar\CarC3.0\Prj\IAR\DZ10_Debug\Obj\VCAN_OV7725_Eagle.o
#        F:\3MyCar\CarC3.0\Prj\IAR\DZ10_Debug\Obj\VCAN_SCCB.o
#        F:\3MyCar\CarC3.0\Prj\IAR\DZ10_Debug\Obj\vectors.o --redirect
#        _Printf=_PrintfLargeNoMb --redirect _Scanf=_ScanfLargeNoMb -o
#        F:\3MyCar\CarC3.0\Prj\IAR\DZ10_Debug\Exe\vcan_Kinetis.out --map
#        F:\3MyCar\CarC3.0\Prj\IAR\DZ10_Debug\List\vcan_Kinetis.map --config
#        "F:\3MyCar\CarC3.0\Prj\IAR\config files\vcan_ROM_K60N512.icf"
#        F:\3MyCar\CarC3.0\Prj\IAR\..\..\Lib\CMSIS\iar_cortexM4l_math.a --entry
#        __iar_program_start --vfe
#
###############################################################################

*******************************************************************************
*** RUNTIME MODEL ATTRIBUTES
***

CppFlavor       = *
__Heap_Handler  = DLMalloc
__SystemLibrary = DLib


*******************************************************************************
*** PLACEMENT SUMMARY
***

"A1":  place at 0x00000000 { ro section .intvec };
"A2":  place at 0x00000410 { ro section .noinit };
"P1":  place in [from 0x00000000 to 0x00080000] { ro, block CodeRelocate };
"P2":  place in [from 0x1fff0410 to 0x20010000] {
          rw, block CodeRelocateRam, block CSTACK, block HEAP };

  Section              Kind        Address    Size  Object
  -------              ----        -------    ----  ------
"A1":                                        0x410
  .intvec              const    0x00000000   0x410  vectors.o [1]
                              - 0x00000410   0x410

"P1", part 1 of 2:                             0x0
  .rodata              const    0x00000410     0x0  zero_init3.o [5]

"A2":                                          0x8
  .noinit              ro code  0x00000410     0x8  startup_MK60DZ10.o [1]
                              - 0x00000418     0x8

"P1", part 2 of 2:                          0xe198
  .text                ro code  0x00000418  0x5e80  image.o [1]
  .text                ro code  0x00006298    0x24  FltCmpLe.o [4]
  .text                ro code  0x000062bc     0x8  abs.o [3]
  .text                ro code  0x000062c4    0x24  FltCmpGe.o [4]
  .text                ro code  0x000062e8    0x32  I32ToFlt.o [4]
  .text                ro code  0x0000631a    0x22  zero_init3.o [5]
  .text                ro code  0x0000633c    0xfc  FltDiv.o [4]
  .text                ro code  0x00006438    0xe6  FltSub.o [4]
  .rodata              const    0x0000651e     0x2  GUI.o [1]
  .text                ro code  0x00006520    0x44  FltToS32.o [4]
  .text                ro code  0x00006564    0x84  FltAdd.o [4]
  .text                ro code  0x000065e8    0xd8  FltMul.o [4]
  .text                ro code  0x000066c0    0x4e  FltToDbl.o [4]
  .rodata              const    0x0000670e     0x2  GUI.o [1]
  .text                ro code  0x00006710   0x1a2  DblMul.o [4]
  .rodata              const    0x000068b2     0x2  VCAN_camera.o [1]
  .text                ro code  0x000068b4    0xe8  DblAdd.o [4]
  .text                ro code  0x0000699c    0x58  DblToI32.o [4]
  .text                ro code  0x000069f4    0x30  I32ToDbl.o [4]
  .text                ro code  0x00006a24    0x90  DblToFlt.o [4]
  .text                ro code  0x00006ab4   0x180  DblSub.o [4]
  Veneer               ro code  0x00006c34     0x8  - Linker created -
  Veneer               ro code  0x00006c3c     0x8  - Linker created -
  .text                ro code  0x00006c44   0xc08  GUI.o [1]
  .text                ro code  0x0000784c    0xa8  VCAN_key.o [1]
  .text                ro code  0x000078f4   0x362  VCAN_SCCB.o [1]
  .text                ro code  0x00007c58   0x384  VCAN_LCD.o [1]
  .text                ro code  0x00007fdc   0x540  VCAN_LCD_ST7735S.o [1]
  .text                ro code  0x0000851c   0x19c  MK60_gpio.o [1]
  .text                ro code  0x000086b8    0xb0  MK60_port.o [1]
  .text                ro code  0x00008768    0x78  MK60_DWT.o [1]
  Veneer               ro code  0x000087e0     0x8  - Linker created -
  .text                ro code  0x000087e8   0x140  MK60_conf.o [1]
  .text                ro code  0x00008928    0x50  VCAN_LED.o [1]
  .text                ro code  0x00008978    0x24  printf.o [3]
  .text                ro code  0x0000899c   0x2fc  MK60_uart.o [1]
  .text                ro code  0x00008c98   0xbee  xprintflarge_nomb.o [3]
  .text                ro code  0x00009888    0x16  strchr.o [5]
  .text                ro code  0x000098a0    0x36  strlen.o [5]
  .text                ro code  0x000098d8    0x58  memchr.o [5]
  .text                ro code  0x00009930    0xee  I64DivMod.o [5]
  .text                ro code  0x00009a20    0x76  ABImemcpy_unaligned.o [5]
  .text                ro code  0x00009a96    0x42  xdnorm.o [4]
  .text                ro code  0x00009ad8    0x2e  DblCmpLe.o [4]
  .text                ro code  0x00009b08   0x246  DblDiv.o [4]
  .text                ro code  0x00009d50    0x6c  localeconv.o [3]
  .text                ro code  0x00009dbc     0xe  div.o [3]
  .text                ro code  0x00009dcc     0x2  I64DivZer.o [5]
  .text                ro code  0x00009dce     0x2  xtls.o [3]
  .text                ro code  0x00009dd0   0xaec  Init.o [1]
  .text                ro code  0x0000a8bc    0x50  misc.o [1]
  .text                ro code  0x0000a90c   0x234  PID.o [1]
  .text                ro code  0x0000ab40   0x2b8  MK60_adc.o [1]
  .text                ro code  0x0000adf8   0x3a0  MK60_ftm.o [1]
  .text                ro code  0x0000b198    0x7c  MK60_PIT.o [1]
  .text                ro code  0x0000b214   0x4d0  MK60_dma.o [1]
  .text                ro code  0x0000b6e4   0x14c  elec.o [1]
  .text                ro code  0x0000b830   0x850  pow.o [4]
  .text                ro code  0x0000c080   0x228  VCAN_OV7725_Eagle.o [1]
  .text                ro code  0x0000c2a8    0x7e  xdint.o [4]
  .text                ro code  0x0000c328    0x20  DblCmpEq.o [4]
  .text                ro code  0x0000c348     0xc  errno.o [3]
  .text                ro code  0x0000c354    0x2e  DblCmpGe.o [4]
  .text                ro code  0x0000c384    0xac  xlog.o [4]
  .text                ro code  0x0000c430   0x2bc  xexp.o [4]
  .text                ro code  0x0000c6ec    0x32  xdtest.o [4]
  .text                ro code  0x0000c720   0x10c  xdscale.o [4]
  .data_init                    0x0000c82c   0x91c  <Block>
    Initializer bytes  ro data  0x0000c82c   0x91c  <for .data-1>
  .rodata              const    0x0000d148   0x600  VCAN_ASCII.o [1]
  Veneer               ro code  0x0000d748     0x8  - Linker created -
  .text                ro code  0x0000d750   0x3c8  MK60_mcg.o [1]
  .text                ro code  0x0000db18   0x1d8  main.o [1]
  .text                ro code  0x0000dcf0    0x28  Beep.o [1]
  .text                ro code  0x0000dd18    0xf2  VCAN_camera.o [1]
  .text                ro code  0x0000de0c    0x6e  Computer.o [1]
  CodeRelocate                  0x0000de7c   0x1b8  <Block>
    Initializer bytes  ro data  0x0000de7c   0x1b8  <for CodeRelocateRam-1>
  .text                ro code  0x0000e034   0x124  system_MK60DZ10.o [1]
  .text                ro code  0x0000e158    0x40  MK60_wdog.o [1]
  .rodata              const    0x0000e198    0x3c  MK60_conf.o [1]
  .rodata              const    0x0000e1d4    0x30  VCAN_LCD_ST7735S.o [1]
  .rodata              const    0x0000e204    0x28  MK60_adc.o [1]
  .rodata              const    0x0000e22c    0x28  MK60_dma.o [1]
  .rodata              const    0x0000e254    0x28  MK60_flash.o [1]
  .rodata              const    0x0000e27c    0x28  MK60_ftm.o [1]
  .rodata              const    0x0000e2a4    0x28  MK60_gpio.o [1]
  .rodata              const    0x0000e2cc    0x28  MK60_PIT.o [1]
  .rodata              const    0x0000e2f4    0x28  MK60_uart.o [1]
  .text                ro code  0x0000e31c    0x28  data_init.o [5]
  .rodata              const    0x0000e344    0x24  misc.o [1]
  .rodata              const    0x0000e368    0x24  MK60_conf.o [1]
  .rodata              const    0x0000e38c    0x24  VCAN_OV7725_Eagle.o [1]
  .rodata              const    0x0000e3b0    0x24  VCAN_OV7725_Eagle.o [1]
  .iar.init_table      const    0x0000e3d4    0x10  - Linker created -
  .rodata              const    0x0000e3e4    0x20  MK60_conf.o [1]
  .rodata              const    0x0000e404    0x20  VCAN_OV7725_Eagle.o [1]
  .text                ro code  0x0000e424    0x1a  cmain.o [5]
  .text                ro code  0x0000e43e     0x4  low_level_init.o [3]
  .text                ro code  0x0000e442     0x4  exit.o [3]
  .text                ro code  0x0000e448     0xa  cexit.o [5]
  .text                ro code  0x0000e454     0xc  XXexit.o [5]
  .rodata              const    0x0000e460    0x18  VCAN_OV7725_Eagle.o [1]
  .rodata              const    0x0000e478    0x18  VCAN_OV7725_Eagle.o [1]
  .text                ro code  0x0000e490    0x16  xprout.o [3]
  .text                ro code  0x0000e4a8     0xc  putchar.o [3]
  .rodata              const    0x0000e4b4    0x14  MK60_conf.o [1]
  .rodata              const    0x0000e4c8    0x14  VCAN_OV7725_Eagle.o [1]
  .text                ro code  0x0000e4dc     0xc  cstartup_M.o [5]
  .rodata              const    0x0000e4e8     0x4  GUI.o [1]
  .rodata              const    0x0000e4ec     0x4  GUI.o [1]
  .rodata              const    0x0000e4f0     0x4  GUI.o [1]
  .rodata              const    0x0000e4f4     0x4  GUI.o [1]
  .rodata              const    0x0000e4f8     0x4  GUI.o [1]
  .rodata              const    0x0000e4fc     0x4  GUI.o [1]
  .rodata              const    0x0000e500     0x4  GUI.o [1]
  .rodata              const    0x0000e504     0x4  GUI.o [1]
  .rodata              const    0x0000e508     0x4  GUI.o [1]
  .rodata              const    0x0000e50c     0x4  GUI.o [1]
  .rodata              const    0x0000e510     0x4  GUI.o [1]
  .rodata              const    0x0000e514     0x4  GUI.o [1]
  .rodata              const    0x0000e518     0x4  VCAN_LCD.o [1]
  .rodata              const    0x0000e51c     0x4  VCAN_LCD.o [1]
  .rodata              const    0x0000e520     0x4  VCAN_LCD.o [1]
  Initializer bytes    ro data  0x0000e524    0x8c  <for P2 s0>
                              - 0x0000e5b0  0xe198

"P2":                                       0x4c80
  .data                         0x1fff0410   0x91c  <Block>
    .data-1                     0x1fff0410   0x91c  <Init block>
      .data            inited   0x1fff0410     0x1  GUI.o [1]
      .data            inited   0x1fff0414     0x4  GUI.o [1]
      .data            inited   0x1fff0418     0x1  GUI.o [1]
      .data            inited   0x1fff0419     0x1  GUI.o [1]
      .data            inited   0x1fff041c    0x24  GUI.o [1]
      .data            inited   0x1fff0440    0x24  GUI.o [1]
      .data            inited   0x1fff0464     0x1  image.o [1]
      .data            inited   0x1fff0465     0x1  image.o [1]
      .data            inited   0x1fff0466     0x1  image.o [1]
      .data            inited   0x1fff0467     0x1  image.o [1]
      .data            inited   0x1fff0468     0x4  image.o [1]
      .data            inited   0x1fff046c     0x4  image.o [1]
      .data            inited   0x1fff0470     0x1  image.o [1]
      .data            inited   0x1fff0471     0x1  image.o [1]
      .data            inited   0x1fff0472     0x1  image.o [1]
      .data            inited   0x1fff0473     0x1  image.o [1]
      .data            inited   0x1fff0474     0x1  image.o [1]
      .data            inited   0x1fff0475     0x1  image.o [1]
      .data            inited   0x1fff0476     0x1  image.o [1]
      .data            inited   0x1fff0477     0x1  image.o [1]
      .data            inited   0x1fff0478     0x1  image.o [1]
      .data            inited   0x1fff0479     0x1  image.o [1]
      .data            inited   0x1fff047a     0x1  image.o [1]
      .data            inited   0x1fff047b     0x1  image.o [1]
      .data            inited   0x1fff047c    0x10  image.o [1]
      .data            inited   0x1fff048c     0x4  Init.o [1]
      .data            inited   0x1fff0490     0x4  Init.o [1]
      .data            inited   0x1fff0494     0x1  Init.o [1]
      .data            inited   0x1fff0498     0x4  Init.o [1]
      .data            inited   0x1fff049c     0x4  Init.o [1]
      .data            inited   0x1fff04a0     0x4  Init.o [1]
      .data            inited   0x1fff04a4     0x4  Init.o [1]
      .data            inited   0x1fff04a8     0x4  Init.o [1]
      .data            inited   0x1fff04ac     0x4  Init.o [1]
      .data            inited   0x1fff04b0     0x4  Init.o [1]
      .data            inited   0x1fff04b4     0x4  Init.o [1]
      .data            inited   0x1fff04b8     0x4  Init.o [1]
      .data            inited   0x1fff04bc     0x4  Init.o [1]
      .data            inited   0x1fff04c0     0x8  MK60_adc.o [1]
      .data            inited   0x1fff04c8   0x708  MK60_conf.o [1]
      .data            inited   0x1fff0bd0     0xc  MK60_ftm.o [1]
      .data            inited   0x1fff0bdc    0x14  MK60_gpio.o [1]
      .data            inited   0x1fff0bf0    0x44  MK60_mcg.o [1]
      .data            inited   0x1fff0c34     0x4  MK60_mcg.o [1]
      .data            inited   0x1fff0c38    0x14  MK60_port.o [1]
      .data            inited   0x1fff0c4c    0x18  MK60_uart.o [1]
      .data            inited   0x1fff0c64     0x4  PID.o [1]
      .data            inited   0x1fff0c68     0x4  PID.o [1]
      .data            inited   0x1fff0c6c     0x4  PID.o [1]
      .data            inited   0x1fff0c70     0x8  VCAN_key.o [1]
      .data            inited   0x1fff0c78     0x2  VCAN_LCD_ST7735S.o [1]
      .data            inited   0x1fff0c7a     0x2  VCAN_LCD_ST7735S.o [1]
      .data            inited   0x1fff0c7c     0x4  VCAN_LED.o [1]
      .data            inited   0x1fff0c80     0x1  VCAN_OV7725_Eagle.o [1]
      .data            inited   0x1fff0c84    0x64  VCAN_OV7725_Eagle.o [1]
      .data            inited   0x1fff0ce8     0x1  VCAN_OV7725_Eagle.o [1]
      .data            inited   0x1fff0cec    0x40  xfiles.o [3]
  CodeRelocateRam               0x1fff0d2c   0x1b8  <Block>
    CodeRelocateRam-1           0x1fff0d2c   0x1b8  <Init block>
      Veneer           inited   0x1fff0d2c     0x8  - Linker created -
      .textrw          inited   0x1fff0d34   0x160  MK60_flash.o [1]
      .textrw          inited   0x1fff0e94    0x50  MK60_mcg.o [1]
  .bss                          0x1fff0ee4  0x411e  <Block>
    .bss               zero     0x1fff0ee4     0xc  elec.o [1]
    .bss               zero     0x1fff0ef0     0xc  elec.o [1]
    .bss               zero     0x1fff0efc     0xc  elec.o [1]
    .bss               zero     0x1fff0f08    0xfc  GUI.o [1]
    .bss               zero     0x1fff1004     0x4  GUI.o [1]
    .bss               zero     0x1fff1008     0x4  GUI.o [1]
    .bss               zero     0x1fff100c     0x4  GUI.o [1]
    .bss               zero     0x1fff1010     0x4  image.o [1]
    .bss               zero     0x1fff1014     0x4  image.o [1]
    .bss               zero     0x1fff1018     0x4  image.o [1]
    .bss               zero     0x1fff101c     0x4  image.o [1]
    .bss               zero     0x1fff1020    0xc8  image.o [1]
    .bss               zero     0x1fff10e8    0xc8  image.o [1]
    .bss               zero     0x1fff11b0    0xc8  image.o [1]
    .bss               zero     0x1fff1278   0x190  image.o [1]
    .bss               zero     0x1fff1408   0x190  image.o [1]
    .bss               zero     0x1fff1598     0x4  image.o [1]
    .bss               zero     0x1fff159c     0x4  image.o [1]
    .bss               zero     0x1fff15a0     0x4  image.o [1]
    .bss               zero     0x1fff15a4     0x4  image.o [1]
    .bss               zero     0x1fff15a8     0x4  image.o [1]
    .bss               zero     0x1fff15ac     0x4  image.o [1]
    .bss               zero     0x1fff15b0     0x4  image.o [1]
    .bss               zero     0x1fff15b4     0x4  image.o [1]
    .bss               zero     0x1fff15b8     0x4  image.o [1]
    .bss               zero     0x1fff15bc     0x4  image.o [1]
    .bss               zero     0x1fff15c0     0x4  image.o [1]
    .bss               zero     0x1fff15c4     0x4  image.o [1]
    .bss               zero     0x1fff15c8     0x4  image.o [1]
    .bss               zero     0x1fff15cc    0x1c  Init.o [1]
    .bss               zero     0x1fff15e8    0x1c  Init.o [1]
    .bss               zero     0x1fff1604    0x1c  Init.o [1]
    .bss               zero     0x1fff1620    0x1c  Init.o [1]
    .bss               zero     0x1fff163c     0x4  Init.o [1]
    .bss               zero     0x1fff1640     0x4  Init.o [1]
    .bss               zero     0x1fff1644     0x4  Init.o [1]
    .bss               zero     0x1fff1648     0x4  Init.o [1]
    .bss               zero     0x1fff164c     0x4  Init.o [1]
    .bss               zero     0x1fff1650     0xc  Init.o [1]
    .bss               zero     0x1fff165c     0xc  Init.o [1]
    .bss               zero     0x1fff1668     0x4  Init.o [1]
    .bss               zero     0x1fff166c     0x4  Init.o [1]
    .bss               zero     0x1fff1670     0x4  Init.o [1]
    .bss               zero     0x1fff1674     0xc  Init.o [1]
    .bss               zero     0x1fff1680     0xc  Init.o [1]
    .bss               zero     0x1fff168c     0x4  Init.o [1]
    .bss               zero     0x1fff1690     0x4  Init.o [1]
    .bss               zero     0x1fff1694     0x4  Init.o [1]
    .bss               zero     0x1fff1698     0x4  Init.o [1]
    .bss               zero     0x1fff169c    0x14  Init.o [1]
    .bss               zero     0x1fff16b0     0x4  Init.o [1]
    .bss               zero     0x1fff16b4   0x960  main.o [1]
    .bss               zero     0x1fff2014  0x2580  main.o [1]
    .bss               zero     0x1fff4594   0x960  main.o [1]
    .bss               zero     0x1fff4ef4     0x4  main.o [1]
    .bss               zero     0x1fff4ef8     0x4  main.o [1]
    .bss               zero     0x1fff4efc    0x40  MK60_dma.o [1]
    .bss               zero     0x1fff4f3c     0x4  PID.o [1]
    .bss               zero     0x1fff4f40     0x4  PID.o [1]
    .bss               zero     0x1fff4f44     0x4  PID.o [1]
    .bss               zero     0x1fff4f48     0x4  PID.o [1]
    .bss               zero     0x1fff4f4c     0x4  PID.o [1]
    .bss               zero     0x1fff4f50     0x4  PID.o [1]
    .bss               zero     0x1fff4f54     0x4  PID.o [1]
    .bss               zero     0x1fff4f58     0x4  system_MK60DZ10.o [1]
    .bss               zero     0x1fff4f5c     0x4  system_MK60DZ10.o [1]
    .bss               zero     0x1fff4f60     0x4  system_MK60DZ10.o [1]
    .bss               zero     0x1fff4f64     0x4  VCAN_OV7725_Eagle.o [1]
    .bss               zero     0x1fff4f68    0x50  xfiles.o [3]
    .bss               zero     0x1fff4fb8     0x2  elec.o [1]
    .bss               zero     0x1fff4fba     0x2  elec.o [1]
    .bss               zero     0x1fff4fbc     0x2  elec.o [1]
    .bss               zero     0x1fff4fbe     0x2  elec.o [1]
    .bss               zero     0x1fff4fc0     0x2  elec.o [1]
    .bss               zero     0x1fff4fc2     0x2  Init.o [1]
    .bss               zero     0x1fff4fc4     0x2  Init.o [1]
    .bss               zero     0x1fff4fc6     0x2  main.o [1]
    .bss               zero     0x1fff4fc8     0x1  Beep.o [1]
    .bss               zero     0x1fff4fc9     0x1  elec.o [1]
    .bss               zero     0x1fff4fca     0x1  GUI.o [1]
    .bss               zero     0x1fff4fcb     0x1  GUI.o [1]
    .bss               zero     0x1fff4fcc     0x1  GUI.o [1]
    .bss               zero     0x1fff4fcd     0x1  image.o [1]
    .bss               zero     0x1fff4fce     0x1  image.o [1]
    .bss               zero     0x1fff4fcf     0x1  image.o [1]
    .bss               zero     0x1fff4fd0     0x1  image.o [1]
    .bss               zero     0x1fff4fd1     0x1  image.o [1]
    .bss               zero     0x1fff4fd2     0x1  image.o [1]
    .bss               zero     0x1fff4fd3     0x1  image.o [1]
    .bss               zero     0x1fff4fd4     0x1  image.o [1]
    .bss               zero     0x1fff4fd5     0x1  image.o [1]
    .bss               zero     0x1fff4fd6     0x1  image.o [1]
    .bss               zero     0x1fff4fd7     0x1  image.o [1]
    .bss               zero     0x1fff4fd8     0x1  image.o [1]
    .bss               zero     0x1fff4fd9     0x1  image.o [1]
    .bss               zero     0x1fff4fda     0x1  image.o [1]
    .bss               zero     0x1fff4fdb     0x1  image.o [1]
    .bss               zero     0x1fff4fdc     0x1  image.o [1]
    .bss               zero     0x1fff4fdd     0x1  image.o [1]
    .bss               zero     0x1fff4fde     0x1  image.o [1]
    .bss               zero     0x1fff4fdf     0x1  image.o [1]
    .bss               zero     0x1fff4fe0     0x1  image.o [1]
    .bss               zero     0x1fff4fe1     0x1  image.o [1]
    .bss               zero     0x1fff4fe2     0x1  image.o [1]
    .bss               zero     0x1fff4fe3     0x1  image.o [1]
    .bss               zero     0x1fff4fe4     0x1  image.o [1]
    .bss               zero     0x1fff4fe5     0x1  image.o [1]
    .bss               zero     0x1fff4fe6     0x1  image.o [1]
    .bss               zero     0x1fff4fe7     0x1  image.o [1]
    .bss               zero     0x1fff4fe8     0x1  image.o [1]
    .bss               zero     0x1fff4fe9     0x1  image.o [1]
    .bss               zero     0x1fff4fea     0x1  image.o [1]
    .bss               zero     0x1fff4feb     0x1  image.o [1]
    .bss               zero     0x1fff4fec     0x1  image.o [1]
    .bss               zero     0x1fff4fed     0x1  image.o [1]
    .bss               zero     0x1fff4fee     0x1  image.o [1]
    .bss               zero     0x1fff4fef     0x1  image.o [1]
    .bss               zero     0x1fff4ff0     0x1  image.o [1]
    .bss               zero     0x1fff4ff1     0x1  image.o [1]
    .bss               zero     0x1fff4ff2     0x1  image.o [1]
    .bss               zero     0x1fff4ff3     0x1  image.o [1]
    .bss               zero     0x1fff4ff4     0x1  image.o [1]
    .bss               zero     0x1fff4ff5     0x1  image.o [1]
    .bss               zero     0x1fff4ff6     0x1  image.o [1]
    .bss               zero     0x1fff4ff7     0x1  image.o [1]
    .bss               zero     0x1fff4ff8     0x1  image.o [1]
    .bss               zero     0x1fff4ff9     0x1  image.o [1]
    .bss               zero     0x1fff4ffa     0x1  image.o [1]
    .bss               zero     0x1fff4ffb     0x1  image.o [1]
    .bss               zero     0x1fff4ffc     0x1  Init.o [1]
    .bss               zero     0x1fff4ffd     0x1  Init.o [1]
    .bss               zero     0x1fff4ffe     0x1  main.o [1]
    .bss               zero     0x1fff4fff     0x1  PID.o [1]
    .bss               zero     0x1fff5000     0x1  PID.o [1]
    .bss               zero     0x1fff5001     0x1  VCAN_LCD_ST7735S.o [1]
  P2 s0                         0x1fff5004    0x8c  <Init block>
    __DLIB_PERTHREAD   inited   0x1fff5004    0x88  localeconv.o [3]
    __DLIB_PERTHREAD   inited   0x1fff508c     0x4  errno.o [3]
                              - 0x1fff5090  0x4c80


*******************************************************************************
*** INIT TABLE
***

          Address     Size
          -------     ----
Zero (__iar_zero_init3)
    1 destination range, total size 0x411e:
          0x1fff0ee4  0x411e



*******************************************************************************
*** MODULE SUMMARY
***

    Module                 ro code  rw code  ro data  rw data
    ------                 -------  -------  -------  -------
F:\3MyCar\CarC3.0\Prj\IAR\DZ10_Debug\Obj: [1]
    Beep.o                      40                          1
    Computer.o                 110
    GUI.o                    3 080               136      346
    Init.o                   2 796                52      287
    MK60_DWT.o                 120
    MK60_PIT.o                 124                40
    MK60_adc.o                 696                48        8
    MK60_conf.o                320             1 948    1 800
    MK60_dma.o               1 232                40       64
    MK60_flash.o                        352      392
    MK60_ftm.o                 928                52       12
    MK60_gpio.o                412                60       20
    MK60_mcg.o                 968       80      152       72
    MK60_port.o                176                20       20
    MK60_uart.o                764                64       24
    MK60_wdog.o                 64
    PID.o                      564                12       42
    VCAN_ASCII.o                               1 536
    VCAN_LCD.o                 900                12
    VCAN_LCD_ST7735S.o       1 344                52        5
    VCAN_LED.o                  80                 4        4
    VCAN_OV7725_Eagle.o        552               277      106
    VCAN_SCCB.o                866
    VCAN_camera.o              242                 2
    VCAN_key.o                 168                 8        8
    elec.o                     332                         47
    image.o                 24 192                40    1 555
    main.o                     472                     14 411
    misc.o                      80                36
    startup_MK60DZ10.o           8
    system_MK60DZ10.o          292                         12
    vectors.o                                  1 040
    ---------------------------------------------------------
    Total:                  41 922      432    6 023   18 844

command line: [2]
    ---------------------------------------------------------
    Total:

dl7M_tlf.a: [3]
    abs.o                        8
    div.o                       14
    errno.o                     12                 4        4
    exit.o                       4
    localeconv.o               108               136      136
    low_level_init.o             4
    printf.o                    36
    putchar.o                   12
    xfiles.o                                      67      144
    xprintflarge_nomb.o      3 054
    xprout.o                    22
    xtls.o                       2
    ---------------------------------------------------------
    Total:                   3 276               207      284

m7M_tl.a: [4]
    DblAdd.o                   232
    DblCmpEq.o                  32
    DblCmpGe.o                  46
    DblCmpLe.o                  46
    DblDiv.o                   582
    DblMul.o                   418
    DblSub.o                   384
    DblToFlt.o                 144
    DblToI32.o                  88
    FltAdd.o                   132
    FltCmpGe.o                  36
    FltCmpLe.o                  36
    FltDiv.o                   252
    FltMul.o                   216
    FltSub.o                   230
    FltToDbl.o                  78
    FltToS32.o                  68
    I32ToDbl.o                  48
    I32ToFlt.o                  50
    pow.o                    2 128
    xdint.o                    126
    xdnorm.o                    66
    xdscale.o                  268
    xdtest.o                    50
    xexp.o                     700
    xlog.o                     172
    ---------------------------------------------------------
    Total:                   6 628

rt7M_tl.a: [5]
    ABImemcpy_unaligned.o      118
    I64DivMod.o                238
    I64DivZer.o                  2
    XXexit.o                    12
    cexit.o                     10
    cmain.o                     26
    cstartup_M.o                12
    data_init.o                 40
    memchr.o                    88
    strchr.o                    22
    strlen.o                    54
    zero_init3.o                34
    ---------------------------------------------------------
    Total:                     656

    Gaps                        30                         14
    Linker created              32        8       24
-------------------------------------------------------------
    Grand Total:            52 544      440    6 254   19 142


*******************************************************************************
*** ENTRY LIST
***

Entry                      Address    Size  Type      Object
-----                      -------    ----  ----      ------
.bss$$Base              0x1fff0ee4           --   Gb  - Linker created -
.bss$$Limit             0x1fff5002           --   Gb  - Linker created -
.data$$Base             0x1fff0410           --   Gb  - Linker created -
.data$$Limit            0x1fff0d2c           --   Gb  - Linker created -
.data_init$$Base        0x0000c82c           --   Gb  - Linker created -
.data_init$$Limit       0x0000d148           --   Gb  - Linker created -
?main                   0x0000e425          Code  Gb  cmain.o [5]
ADCN                    0x1fff04c0     0x8  Data  Gb  MK60_adc.o [1]
ASSERT_FAILED_STR       0x0000e368    0x24  Data  Gb  MK60_conf.o [1]
BLB                     0x1fff0474     0x1  Data  Gb  image.o [1]
BLB2                    0x1fff0478     0x1  Data  Gb  image.o [1]
BRB                     0x1fff0476     0x1  Data  Gb  image.o [1]
BRB2                    0x1fff047a     0x1  Data  Gb  image.o [1]
Beep                    0x0000dcf1    0x28  Code  Gb  Beep.o [1]
BlackLeft               0x1fff10e8    0xc8  Data  Gb  image.o [1]
BlackRight              0x1fff1020    0xc8  Data  Gb  image.o [1]
BorderScan              0x00003e65   0x6ba  Code  Gb  image.o [1]
Button_Set              0x00006d81    0x92  Code  Gb  GUI.o [1]
C_left                  0x1fff4ff6     0x1  Data  Gb  image.o [1]
C_right                 0x1fff4ff7     0x1  Data  Gb  image.o [1]
Center                  0x1fff11b0    0xc8  Data  Gb  image.o [1]
CntEncoder_left         0x1fff4fc2     0x2  Data  Gb  Init.o [1]
CntEncoder_right        0x1fff4fc4     0x2  Data  Gb  Init.o [1]
CodeRelocate$$Base      0x0000de7c           --   Gb  - Linker created -
CodeRelocate$$Limit     0x0000e034           --   Gb  - Linker created -
CodeRelocateRam$$Base   0x1fff0d2c           --   Gb  - Linker created -
CodeRelocateRam$$Limit  0x1fff0ee4           --   Gb  - Linker created -
Common_Lose_Flag        0x1fff4fe1     0x1  Data  Gb  image.o [1]
Common_Lose_Flag_effective
                        0x1fff4fe7     0x1  Data  Gb  image.o [1]
ConnectSpot             0x000032d9   0x16e  Code  Gb  image.o [1]
Cross                   0x00002429   0xe7e  Code  Gb  image.o [1]
CrossTypebuxian         0x00002381    0x76  Code  Gb  image.o [1]
Cross_F                 0x1fff4fd4     0x1  Data  Gb  image.o [1]
DMA0_IRQHandler         0x0000a799     0x8  Code  Gb  Init.o [1]
DMA_count_Init          0x0000b46f   0x1f6  Code  Gb  MK60_dma.o [1]
DMA_count_get           0x0000b665    0x1c  Code  Gb  MK60_dma.o [1]
DMA_count_reset         0x0000b681    0x18  Code  Gb  MK60_dma.o [1]
DisplayBlack            0x00006e13   0x102  Code  Gb  GUI.o [1]
ERROR                   0x1fff4fc6     0x2  Data  Gb  main.o [1]
ElecValue_dispose       0x0000b785    0x86  Code  Gb  elec.o [1]
Encoder_inc             0x1fff1640     0x4  Data  Gb  Init.o [1]
Encoder_read_L          0x0000a11b    0x9c  Code  Gb  Init.o [1]
Encoder_read_R          0x0000a1b7    0x9c  Code  Gb  Init.o [1]
Encoder_set             0x1fff04b4     0x4  Data  Gb  Init.o [1]
Expectation_speed       0x1fff101c     0x4  Data  Gb  image.o [1]
FTMN                    0x1fff0bd0     0xc  Data  Gb  MK60_ftm.o [1]
FTM_PWM_Duty            0x0000b08d    0xf6  Code  Gb  MK60_ftm.o [1]
FTM_PWM_init            0x0000af11   0x17c  Code  Gb  MK60_ftm.o [1]
FTM_port_mux            0x0000adf9   0x118  Code  Lc  MK60_ftm.o [1]
Flag_L_1                0x1fff4fe2     0x1  Data  Gb  image.o [1]
Flag_R_1                0x1fff4fe3     0x1  Data  Gb  image.o [1]
GPIOX                   0x1fff0bdc    0x14  Data  Gb  MK60_gpio.o [1]
GUI                     0x00007029   0x76a  Code  Gb  GUI.o [1]
GUI_2_L_F               0x1fff4fcb     0x1  Data  Gb  GUI.o [1]
GUI_flag                0x1fff0410     0x1  Data  Gb  GUI.o [1]
Get_Value               0x0000b6e5    0x40  Code  Gb  elec.o [1]
ImageBuff               0x1fff4594   0x960  Data  Gb  main.o [1]
ImageData               0x1fff2014  0x2580  Data  Gb  main.o [1]
Image_lcd_num           0x1fff4fca     0x1  Data  Gb  GUI.o [1]
Image_num               0x1fff1690     0x4  Data  Gb  Init.o [1]
Image_num1              0x1fff1694     0x4  Data  Gb  Init.o [1]
IsBeep                  0x1fff4fc8     0x1  Data  Gb  Beep.o [1]
IsDown_flag             0x1fff4ffd     0x1  Data  Gb  Init.o [1]
KEY_PTxn                0x1fff0c70     0x8  Data  Gb  VCAN_key.o [1]
LCD_Img_Binary_Z        0x00007f2b    0xb2  Code  Gb  VCAN_LCD.o [1]
LCD_ST7735S_dir         0x0000829f   0x184  Code  Gb  VCAN_LCD_ST7735S.o [1]
LCD_ST7735S_init        0x00008065   0x23a  Code  Gb  VCAN_LCD_ST7735S.o [1]
LCD_ST7735S_ptlon       0x00008423    0xc4  Code  Gb  VCAN_LCD_ST7735S.o [1]
LCD_ST7735S_wr_cmd      0x00008021    0x44  Code  Gb  VCAN_LCD_ST7735S.o [1]
LCD_ST7735S_wr_data     0x00007fdd    0x44  Code  Gb  VCAN_LCD_ST7735S.o [1]
LCD_char                0x00007d1f    0xaa  Code  Gb  VCAN_LCD.o [1]
LCD_init                0x00007c59    0x36  Code  Gb  VCAN_LCD.o [1]
LCD_num                 0x00007e41    0xea  Code  Gb  VCAN_LCD.o [1]
LCD_point               0x00007ccf    0x50  Code  Gb  VCAN_LCD.o [1]
LCD_rectangle           0x00007c8f    0x40  Code  Gb  VCAN_LCD.o [1]
LCD_str                 0x00007dd9    0x68  Code  Gb  VCAN_LCD.o [1]
LED_PTxn                0x1fff0c7c     0x4  Data  Gb  VCAN_LED.o [1]
LRT_flag                0x1fff163c     0x4  Data  Gb  Init.o [1]
LRbeyond_F              0x1fff4fe6     0x1  Data  Gb  image.o [1]
L_left                  0x1fff4ff2     0x1  Data  Gb  image.o [1]
L_right                 0x1fff4ff3     0x1  Data  Gb  image.o [1]
Laser_Value             0x1fff164c     0x4  Data  Gb  Init.o [1]
LeftRight1              0x00003989   0x490  Code  Gb  image.o [1]
Left_Lose_Border_Number
                        0x1fff4fdf     0x1  Data  Gb  image.o [1]
LoadInt                 0x00009215    0x6e  Code  Lc  xprintflarge_nomb.o [3]
Menu_Var                0x1fff0f08    0xfc  Data  Gb  GUI.o [1]
Menu_Var_init           0x00006c45   0x100  Code  Gb  GUI.o [1]
Motor_Chasu_PID         0x1fff1620    0x1c  Data  Gb  Init.o [1]
Motor_chasu_PID         0x1fff04a0     0x4  Data  Gb  Init.o [1]
N                       0x1fff4ffe     0x1  Data  Gb  main.o [1]
NVIC_DisableIRQ         0x000089b3    0x16  Code  Lc  MK60_uart.o [1]
NVIC_DisableIRQ         0x0000c095    0x14  Code  Lc  VCAN_OV7725_Eagle.o [1]
NVIC_EnableIRQ          0x00009df5    0x16  Code  Lc  Init.o [1]
NVIC_EnableIRQ          0x0000b215    0x16  Code  Lc  MK60_dma.o [1]
NVIC_EnableIRQ          0x0000899d    0x16  Code  Lc  MK60_uart.o [1]
NVIC_EnableIRQ          0x0000c081    0x14  Code  Lc  VCAN_OV7725_Eagle.o [1]
NVIC_SetPriority        0x00009e0b    0x2a  Code  Lc  Init.o [1]
NVIC_SetPriorityGrouping
                        0x00009dd1    0x24  Code  Lc  Init.o [1]
NVIC_SystemReset        0x000087e9    0x1a  Code  Lc  MK60_conf.o [1]
NumbDatacenter          0x1fff4fd9     0x1  Data  Gb  image.o [1]
NumbDatacenter_T        0x1fff4fda     0x1  Data  Gb  image.o [1]
NumbDataleft            0x1fff4fd7     0x1  Data  Gb  image.o [1]
NumbDataright           0x1fff4fd8     0x1  Data  Gb  image.o [1]
PID_Calc                0x0000a931    0x78  Code  Gb  PID.o [1]
PID_Servo               0x1fff049c     0x4  Data  Gb  Init.o [1]
PID_init                0x0000a90d    0x1e  Code  Gb  PID.o [1]
PID_kd                  0x0000a9b1     0x4  Code  Gb  PID.o [1]
PID_ki                  0x0000a9ad     0x4  Code  Gb  PID.o [1]
PID_kp                  0x0000a9a9     0x4  Code  Gb  PID.o [1]
PID_motor_L             0x1fff048c     0x4  Data  Gb  Init.o [1]
PID_motor_R             0x1fff0490     0x4  Data  Gb  Init.o [1]
PID_set                 0x0000a92b     0x6  Code  Gb  PID.o [1]
PIT0_IRQHandler         0x0000a541    0xb4  Code  Gb  Init.o [1]
PIT1_IRQHandler         0x0000a5f5    0xba  Code  Gb  Init.o [1]
PORTD_IRQHandler        0x0000a7a1    0x2a  Code  Gb  Init.o [1]
PORTX                   0x1fff0c38    0x14  Data  Gb  MK60_port.o [1]
PWM_duty_deta_L         0x1fff1668     0x4  Data  Gb  Init.o [1]
PWM_duty_deta_R         0x1fff166c     0x4  Data  Gb  Init.o [1]
R_left                  0x1fff4ff4     0x1  Data  Gb  image.o [1]
R_right                 0x1fff4ff5     0x1  Data  Gb  image.o [1]
Region$$Table$$Base     0x0000e3d4           --   Gb  - Linker created -
Region$$Table$$Limit    0x0000e3e4           --   Gb  - Linker created -
Reset_Handler           0x00000411          Code  Gb  startup_MK60DZ10.o [1]
Right_Lose_Border_Number
                        0x1fff4fe0     0x1  Data  Gb  image.o [1]
RunState_flag           0x1fff4ffc     0x1  Data  Gb  Init.o [1]
Run_Model               0x1fff4fcc     0x1  Data  Gb  GUI.o [1]
SCCB_Ack                0x000079c9    0x3c  Code  Lc  VCAN_SCCB.o [1]
SCCB_GPIO_init          0x0000790f    0x28  Code  Gb  VCAN_SCCB.o [1]
SCCB_NoAck              0x00007a05    0x3c  Code  Lc  VCAN_SCCB.o [1]
SCCB_ReadByte           0x00007ba5    0x2c  Code  Gb  VCAN_SCCB.o [1]
SCCB_ReadByte_one       0x00007bd1    0x86  Code  Lc  VCAN_SCCB.o [1]
SCCB_ReceiveByte        0x00007ad1    0x54  Code  Lc  VCAN_SCCB.o [1]
SCCB_SendByte           0x00007a8d    0x44  Code  Lc  VCAN_SCCB.o [1]
SCCB_Start              0x00007937    0x5e  Code  Lc  VCAN_SCCB.o [1]
SCCB_Stop               0x00007995    0x34  Code  Lc  VCAN_SCCB.o [1]
SCCB_WaitAck            0x00007a41    0x4c  Code  Lc  VCAN_SCCB.o [1]
SCCB_WriteByte          0x00007b35    0x28  Code  Gb  VCAN_SCCB.o [1]
SCCB_WriteByte_one      0x00007b5d    0x48  Code  Lc  VCAN_SCCB.o [1]
SCCB_delay              0x000078f5    0x1a  Code  Lc  VCAN_SCCB.o [1]
ST7735S_get_dir         0x000084f3     0x6  Code  Gb  VCAN_LCD_ST7735S.o [1]
ST7735S_get_h           0x000084e7     0x6  Code  Gb  VCAN_LCD_ST7735S.o [1]
ST7735S_get_w           0x000084ed     0x6  Code  Gb  VCAN_LCD_ST7735S.o [1]
Sample_period_init      0x0000a04d    0x48  Code  Gb  Init.o [1]
SendImgData             0x0000de0d    0x6e  Code  Gb  Computer.o [1]
Send_Model              0x1fff0494     0x1  Data  Gb  Init.o [1]
ServoCentreValue        0x1fff0c6c     0x4  Data  Gb  PID.o [1]
Servo_D                 0x1fff04b0     0x4  Data  Gb  Init.o [1]
Servo_P                 0x1fff04ac     0x4  Data  Gb  Init.o [1]
Servo_PID_Ctrl          0x0000a9b5   0x156  Code  Gb  PID.o [1]
Servo_PWM               0x1fff4f4c     0x4  Data  Gb  PID.o [1]
Servo_PWM_deta          0x1fff4f50     0x4  Data  Gb  PID.o [1]
SiteInit                0x1fff100c     0x4  Data  Lc  GUI.o [1]
SpeedControl            0x0000589f   0x112  Code  Gb  image.o [1]
Speed_L                 0x1fff1644     0x4  Data  Gb  Init.o [1]
Speed_R                 0x1fff1648     0x4  Data  Gb  Init.o [1]
Started_check_Zebra     0x1fff1018     0x4  Data  Gb  image.o [1]
String                  0x1fff041c    0x24  Data  Gb  GUI.o [1]
System_Init             0x00009e35   0x218  Code  Gb  Init.o [1]
THOD                    0x1fff0498     0x4  Data  Gb  Init.o [1]
TLB                     0x1fff0475     0x1  Data  Gb  image.o [1]
TLB2                    0x1fff0479     0x1  Data  Gb  image.o [1]
TRB                     0x1fff0477     0x1  Data  Gb  image.o [1]
TRB2                    0x1fff047b     0x1  Data  Gb  image.o [1]
Three_Border_Scan       0x00003455   0x45c  Code  Gb  image.o [1]
Type_0                  0x00001a05    0x3a  Code  Gb  image.o [1]
Type_0la                0x00000419   0x34e  Code  Gb  image.o [1]
Type_11                 0x000022fd    0x74  Code  Gb  image.o [1]
Type_5                  0x00001e3d   0x29c  Code  Gb  image.o [1]
Type_5la                0x00001aad   0x38a  Code  Gb  image.o [1]
Type_6                  0x000020e1   0x20e  Code  Gb  image.o [1]
Type_Judgement          0x00004a09   0xbbe  Code  Gb  image.o [1]
UARTN                   0x1fff0c4c    0x18  Data  Gb  MK60_uart.o [1]
Value_L                 0x1fff0ee4     0xc  Data  Gb  elec.o [1]
Value_M                 0x1fff0efc     0xc  Data  Gb  elec.o [1]
Value_R                 0x1fff0ef0     0xc  Data  Gb  elec.o [1]
Value_T                 0x1fff0440    0x24  Data  Gb  GUI.o [1]
Value_calc              0x0000b725    0x60  Code  Gb  elec.o [1]
Var_PID_Servo           0x1fff1604    0x1c  Data  Gb  Init.o [1]
Var_PID_motor_L         0x1fff15cc    0x1c  Data  Gb  Init.o [1]
Var_PID_motor_R         0x1fff15e8    0x1c  Data  Gb  Init.o [1]
_GenldLargeNoMb         0x00009609   0x236  Code  Lc  xprintflarge_nomb.o [3]
_LdtobLargeNoMb         0x00009389   0x27a  Code  Lc  xprintflarge_nomb.o [3]
_LitobLargeNoMb         0x00009283   0x106  Code  Lc  xprintflarge_nomb.o [3]
_Locale_aeabi_lconv     0x1fff5054    0x38  Data  Gb  localeconv.o [3]
_Locale_lconv           0x1fff5004    0x50  Data  Gb  localeconv.o [3]
_PrintfLargeNoMb        0x00008c99   0x576  Code  Gb  xprintflarge_nomb.o [3]
_Prout                  0x0000e491    0x16  Code  Gb  xprout.o [3]
_PutcharsLargeNoMb      0x0000983f    0x2e  Code  Lc  xprintflarge_nomb.o [3]
__BOOT_STACK_ADDRESS {Abs}
                        0x2000fff8           --   Gb  command line/config [2]
__VECTOR_RAM {Abs}      0x1fff0000           --   Gb  command line/config [2]
__VECTOR_TABLE {Abs}    0x00000000           --   Gb  command line/config [2]
__aeabi_cdcmpeq         0x0000c329          Code  Gb  DblCmpEq.o [4]
__aeabi_cdcmple         0x00009ad9          Code  Gb  DblCmpLe.o [4]
__aeabi_cdrcmple        0x0000c355          Code  Gb  DblCmpGe.o [4]
__aeabi_cfcmple         0x00006299          Code  Gb  FltCmpLe.o [4]
__aeabi_cfrcmple        0x000062c5          Code  Gb  FltCmpGe.o [4]
__aeabi_d2f             0x00006a25          Code  Gb  DblToFlt.o [4]
__aeabi_d2iz            0x0000699d          Code  Gb  DblToI32.o [4]
__aeabi_d2uiz           0x000069c9          Code  Gb  DblToI32.o [4]
__aeabi_dadd            0x000068b5          Code  Gb  DblAdd.o [4]
__aeabi_ddiv            0x00009b09          Code  Gb  DblDiv.o [4]
__aeabi_dmul            0x00006711          Code  Gb  DblMul.o [4]
__aeabi_dsub            0x00006ab5          Code  Gb  DblSub.o [4]
__aeabi_errno_addr      0x0000c349     0x6  Code  Gb  errno.o [3]
__aeabi_f2d             0x000066c1          Code  Gb  FltToDbl.o [4]
__aeabi_f2iz            0x00006521          Code  Gb  FltToS32.o [4]
__aeabi_fadd            0x00006565          Code  Gb  FltAdd.o [4]
__aeabi_fdiv            0x0000633d          Code  Gb  FltDiv.o [4]
__aeabi_fmul            0x000065e9          Code  Gb  FltMul.o [4]
__aeabi_fsub            0x00006439          Code  Gb  FltSub.o [4]
__aeabi_i2d             0x000069f5          Code  Gb  I32ToDbl.o [4]
__aeabi_i2f             0x000062e9          Code  Gb  I32ToFlt.o [4]
__aeabi_ldiv0           0x00009dcd          Code  Gb  I64DivZer.o [5]
__aeabi_ui2d            0x00006a09          Code  Gb  I32ToDbl.o [4]
__aeabi_ui2f            0x000062fd          Code  Gb  I32ToFlt.o [4]
__aeabi_uldivmod        0x00009931          Code  Gb  I64DivMod.o [5]
__as_entries_start      0xffffffff           --   Gb  command line/config [2]
__as_table_start        0xffffffff           --   Gb  command line/config [2]
__cmain                 0x0000e425          Code  Gb  cmain.o [5]
__code_start__ {Abs}    0x00000410           --   Gb  command line/config [2]
__exit                  0x0000e455          Code  Gb  XXexit.o [5]
__iar_Dint              0x0000c2a9    0x7e  Code  Gb  xdint.o [4]
__iar_Dnorm             0x00009a97    0x42  Code  Gb  xdnorm.o [4]
__iar_Dscale            0x0000c721   0x10c  Code  Gb  xdscale.o [4]
__iar_Dtest             0x0000c6ed    0x32  Code  Gb  xdtest.o [4]
__iar_Errno             0x1fff508c     0x4  Data  Gb  errno.o [3]
__iar_Exp               0x0000c431   0x2b6  Code  Gb  xexp.o [4]
__iar_Locale_lconv_init
                        0x00009d51    0x3a  Code  Gb  localeconv.o [3]
__iar_Logpoly           0x0000c385    0x70  Code  Gb  xlog.o [4]
__iar_Memchr            0x000098d9          Code  Gb  memchr.o [5]
__iar_Stdout            0x1fff0cec    0x40  Data  Gb  xfiles.o [3]
__iar_Strchr            0x00009889          Code  Gb  strchr.o [5]
__iar_d2uiz             0x000069d5          Code  Gb  DblToI32.o [4]
__iar_dadd              0x000068c9          Code  Gb  DblAdd.o [4]
__iar_data_init3        0x0000e31d    0x28  Code  Gb  data_init.o [5]
__iar_dlib_perthread_access
                        0x00009dcf     0x2  Code  Gb  xtls.o [3]
__iar_dsub              0x00006ac9          Code  Gb  DblSub.o [4]
__iar_dsubStart         0x00006adb          Code  Gb  DblSub.o [4]
__iar_fadd              0x00006575          Code  Gb  FltAdd.o [4]
__iar_fsub              0x00006449          Code  Gb  FltSub.o [4]
__iar_fsubStart         0x00006459          Code  Gb  FltSub.o [4]
__iar_program_start     0x0000e4dd          Code  Gb  cstartup_M.o [5]
__iar_ui2d              0x00006a0d          Code  Gb  I32ToDbl.o [4]
__iar_ui2f              0x00006301          Code  Gb  I32ToFlt.o [4]
__iar_unaligned___aeabi_memcpy
                        0x00009a21          Code  Gb  ABImemcpy_unaligned.o [5]
__iar_unaligned___aeabi_memcpy4
                        0x00009a41          Code  Gb  ABImemcpy_unaligned.o [5]
__iar_unaligned___aeabi_memcpy8
                        0x00009a41          Code  Gb  ABImemcpy_unaligned.o [5]
__iar_zero_init3        0x0000631b    0x22  Code  Gb  zero_init3.o [5]
__low_level_init        0x0000e43f     0x4  Code  Gb  low_level_init.o [3]
__vector_table          0x00000000   0x410  Data  Gb  vectors.o [1]
_call_main              0x0000e431          Code  Gb  cmain.o [5]
_exit                   0x0000e449          Code  Gb  cexit.o [5]
_main                   0x0000e43b          Code  Gb  cmain.o [5]
abs                     0x000062bd     0x8  Code  Gb  abs.o [3]
adc_init                0x0000ab41   0x20e  Code  Gb  MK60_adc.o [1]
adc_once                0x0000ad4f    0x50  Code  Gb  MK60_adc.o [1]
adc_start               0x0000ad9f    0x44  Code  Lc  MK60_adc.o [1]
ascii_8x16              0x0000d148   0x600  Data  Gb  VCAN_ASCII.o [1]
assert_failed           0x00008803    0x26  Code  Gb  MK60_conf.o [1]
banmaxian               0x00000a81   0x388  Code  Gb  image.o [1]
banmaxian_F             0x1fff4fd1     0x1  Data  Gb  image.o [1]
beep_F                  0x1fff4fef     0x1  Data  Gb  image.o [1]
beep_jizhi              0x00005a7d    0x76  Code  Gb  image.o [1]
before                  0x1fff1010     0x4  Data  Gb  image.o [1]
before_error_Flag       0x1fff4fcf     0x1  Data  Gb  image.o [1]
bizhang                 0x0000085d   0x206  Code  Gb  image.o [1]
bizhang_F               0x1fff4fd2     0x1  Data  Gb  image.o [1]
bizhangjiance           0x00000767    0xf6  Code  Gb  image.o [1]
bizhangjieduan_F        0x1fff4ff9     0x1  Data  Gb  image.o [1]
bus_clk_khz             0x1fff4f60     0x4  Data  Gb  system_MK60DZ10.o [1]
camera_all_init         0x0000a779    0x1e  Code  Gb  Init.o [1]
casu                    0x1fff1670     0x4  Data  Gb  Init.o [1]
center35lie             0x1fff4fd0     0x1  Data  Gb  image.o [1]
center_L                0x1fff15b0     0x4  Data  Gb  image.o [1]
center_L_R              0x00005afd    0x54  Code  Gb  image.o [1]
center_R                0x1fff15b4     0x4  Data  Gb  image.o [1]
chabihe                 0x1fff4fc0     0x2  Data  Gb  elec.o [1]
changzhidao_F           0x1fff4fee     0x1  Data  Gb  image.o [1]
chasu_D                 0x1fff04a8     0x4  Data  Gb  Init.o [1]
chasu_P                 0x1fff04a4     0x4  Data  Gb  Init.o [1]
chasu_PWM_data          0x1fff4f54     0x4  Data  Gb  PID.o [1]
chasu_yici              0x0000a2c1    0xf4  Code  Gb  Init.o [1]
chubanmaxian            0x1fff4fe9     0x1  Data  Gb  image.o [1]
chubanmaxianjishu       0x1fff4fea     0x1  Data  Gb  image.o [1]
common_startup          0x0000e089    0x98  Code  Gb  system_MK60DZ10.o [1]
core_clk_khz            0x1fff4f58     0x4  Data  Gb  system_MK60DZ10.o [1]
core_clk_mhz            0x1fff4f5c     0x4  Data  Gb  system_MK60DZ10.o [1]
count_init              0x1fff4efc    0x40  Data  Gb  MK60_dma.o [1]
credible                0x000011eb    0x6c  Code  Gb  image.o [1]
crossturnnum            0x1fff0466     0x1  Data  Gb  image.o [1]
daiyong_flag            0x1fff4fed     0x1  Data  Gb  image.o [1]
dataerror               0x1fff047c    0x10  Data  Gb  image.o [1]
default_isr             0x000088d7    0x30  Code  Gb  MK60_conf.o [1]
diubiancredible         0x0000483b    0xca  Code  Gb  image.o [1]
diubiankexingpanduan    0x00004905     0x2  Code  Gb  image.o [1]
div                     0x00009dbd     0xe  Code  Gb  div.o [3]
dma_portx2buff_init     0x0000b22b   0x244  Code  Gb  MK60_dma.o [1]
duan_diubian_L          0x1fff4fdc     0x1  Data  Gb  image.o [1]
duan_diubian_R          0x1fff4fdb     0x1  Data  Gb  image.o [1]
duanlu_F                0x1fff4ff8     0x1  Data  Gb  image.o [1]
duanluzhengchangsaidaojince
                        0x0000611d    0x44  Code  Gb  image.o [1]
dwt_delay_ms            0x000087c9    0x18  Code  Gb  MK60_DWT.o [1]
dwt_delay_us            0x00008769    0x4e  Code  Gb  MK60_DWT.o [1]
e_0                     0x1fff4f3c     0x4  Data  Gb  PID.o [1]
e_1                     0x1fff4f40     0x4  Data  Gb  PID.o [1]
e_2                     0x1fff4f44     0x4  Data  Gb  PID.o [1]
elec_L                  0x1fff4fb8     0x2  Data  Gb  elec.o [1]
elec_M                  0x1fff4fbc     0x2  Data  Gb  elec.o [1]
elec_R                  0x1fff4fba     0x2  Data  Gb  elec.o [1]
elec_error              0x1fff4fbe     0x2  Data  Gb  elec.o [1]
encoder_init            0x0000a095    0x40  Code  Gb  Init.o [1]
error                   0x1fff4fd6     0x1  Data  Gb  image.o [1]
error_beg               0x1fff4ffb     0x1  Data  Gb  image.o [1]
exit                    0x0000e443     0x4  Code  Gb  exit.o [3]
fengmingqi_daiyong      0x1fff4ff0     0x1  Data  Gb  image.o [1]
fengmingqi_f            0x1fff4ff1     0x1  Data  Gb  image.o [1]
flag_clean              0x00006d45    0x3c  Code  Gb  GUI.o [1]
flash_cmd               0x1fff0d35    0x20  Code  Gb  MK60_flash.o [1]
flash_erase_sector      0x1fff0d7d    0x58  Code  Gb  MK60_flash.o [1]
flash_init              0x1fff0d55    0x28  Code  Gb  MK60_flash.o [1]
flash_write             0x1fff0dd5    0x8e  Code  Gb  MK60_flash.o [1]
fputc                   0x00008829    0x14  Code  Gb  MK60_conf.o [1]
gpio_get                0x00008675    0x3a  Code  Gb  MK60_gpio.o [1]
gpio_init               0x0000851d    0xae  Code  Gb  MK60_gpio.o [1]
gpio_set                0x000085cb    0x72  Code  Gb  MK60_gpio.o [1]
gpio_turn               0x0000863d    0x38  Code  Gb  MK60_gpio.o [1]
guaidiancredible        0x000047ef    0x4c  Code  Gb  image.o [1]
huandao                 0x000019d9    0x28  Code  Gb  image.o [1]
huandaoF                0x1fff4fcd     0x1  Data  Gb  image.o [1]
huandao_one             0x000012ab   0x12c  Code  Gb  image.o [1]
huandao_two             0x00001405   0x5d4  Code  Gb  image.o [1]
huandaozhuangtai_flag   0x1fff4fce     0x1  Data  Gb  image.o [1]
image_finish            0x1fff4ef4     0x4  Data  Gb  main.o [1]
image_finish_F_Servo    0x1fff4ef8     0x4  Data  Gb  main.o [1]
img_extract             0x0000dd19    0x8c  Code  Gb  VCAN_camera.o [1]
img_recontract          0x0000dda9    0x62  Code  Gb  VCAN_camera.o [1]
imgbefor                0x00001257    0x30  Code  Gb  image.o [1]
imgbuff                 0x1fff16b4   0x960  Data  Gb  main.o [1]
inc                     0x1fff4f48     0x4  Data  Gb  PID.o [1]
init                    0x000055f9   0x1b4  Code  Gb  image.o [1]
internal_Pow            0x0000b831   0x418  Code  Lc  pow.o [4]
jiesujiance_F           0x1fff15b8     0x4  Data  Gb  image.o [1]
k_of_left_line          0x1fff1278   0x190  Data  Gb  image.o [1]
k_of_left_line_fangcha  0x1fff1598     0x4  Data  Gb  image.o [1]
k_of_left_line_pingjun  0x1fff15a0     0x4  Data  Gb  image.o [1]
k_of_right_line         0x1fff1408   0x190  Data  Gb  image.o [1]
k_of_right_line_fangcha
                        0x1fff159c     0x4  Data  Gb  image.o [1]
k_of_right_line_pingjun
                        0x1fff15a4     0x4  Data  Gb  image.o [1]
key_check               0x000078b9    0x36  Code  Gb  VCAN_key.o [1]
key_get                 0x0000789f    0x1a  Code  Gb  VCAN_key.o [1]
key_init                0x0000784d    0x52  Code  Gb  VCAN_key.o [1]
klkl                    0x1fff16b0     0x4  Data  Gb  Init.o [1]
kuan                    0x1fff4fd3     0x1  Data  Gb  image.o [1]
lastpoint_error         0x1fff5000     0x1  Data  Gb  PID.o [1]
led_init                0x00008929    0x3a  Code  Gb  VCAN_LED.o [1]
led_turn                0x00008963    0x10  Code  Gb  VCAN_LED.o [1]
left_daihao             0x1fff15bc     0x4  Data  Gb  image.o [1]
left_diubiancishu       0x1fff4feb     0x1  Data  Gb  image.o [1]
left_k                  0x1fff0468     0x4  Data  Gb  image.o [1]
leftguai                0x1fff4fde     0x1  Data  Gb  image.o [1]
lianxuwandao            0x00005bf1   0x1a0  Code  Gb  image.o [1]
lianxuwandao_F          0x1fff15a8     0x4  Data  Gb  image.o [1]
liekuan35               0x1fff0467     0x1  Data  Gb  image.o [1]
lnbias                  0x0000bc60   0x420  Data  Lc  pow.o [4]
localeconv              0x00009d8b    0x16  Code  Gb  localeconv.o [3]
main                    0x0000db19   0x1d8  Code  Gb  main.o [1]
mcg_cfg                 0x1fff0bf0    0x44  Data  Gb  MK60_mcg.o [1]
mcg_div                 0x1fff0c34     0x4  Data  Gb  MK60_mcg.o [1]
mcg_div_count           0x0000d751   0x2fa  Code  Gb  MK60_mcg.o [1]
memchr                  0x000098d9          Code  Gb  memchr.o [5]
midpoint_error          0x1fff4fff     0x1  Data  Gb  PID.o [1]
motor_Ctrl              0x0000a3b5   0x18a  Code  Gb  Init.o [1]
motor_encoder_set       0x0000a253    0x6e  Code  Gb  Init.o [1]
motor_init              0x0000a0d5    0x46  Code  Gb  Init.o [1]
obuf                    0x1fff4f68    0x50  Data  Lc  xfiles.o [3]
one_Border_Scan         0x000038b1    0xd2  Code  Gb  image.o [1]
out_error               0x000057b1    0x56  Code  Gb  image.o [1]
outside_flag            0x1fff4fc9     0x1  Data  Gb  elec.o [1]
ov7725_eagle_cfgnum     0x1fff0ce8     0x1  Data  Gb  VCAN_OV7725_Eagle.o [1]
ov7725_eagle_dma        0x0000c157    0x14  Code  Gb  VCAN_OV7725_Eagle.o [1]
ov7725_eagle_get_img    0x0000c16b    0x42  Code  Gb  VCAN_OV7725_Eagle.o [1]
ov7725_eagle_img_buff   0x1fff4f64     0x4  Data  Gb  VCAN_OV7725_Eagle.o [1]
ov7725_eagle_img_flag   0x1fff0c80     0x1  Data  Gb  VCAN_OV7725_Eagle.o [1]
ov7725_eagle_init       0x0000c0a9    0x18  Code  Gb  VCAN_OV7725_Eagle.o [1]
ov7725_eagle_port_init  0x0000c0c1    0x54  Code  Lc  VCAN_OV7725_Eagle.o [1]
ov7725_eagle_reg        0x1fff0c84    0x64  Data  Gb  VCAN_OV7725_Eagle.o [1]
ov7725_eagle_reg_init   0x0000c1ad    0xb0  Code  Lc  VCAN_OV7725_Eagle.o [1]
ov7725_eagle_vsync      0x0000c115    0x42  Code  Gb  VCAN_OV7725_Eagle.o [1]
pit_init                0x0000b199    0x6c  Code  Gb  MK60_PIT.o [1]
pll_init                0x0000da4b    0xb2  Code  Gb  MK60_mcg.o [1]
po                      0x1fff1004     0x4  Data  Gb  GUI.o [1]
port_init               0x000086b9    0x44  Code  Gb  MK60_port.o [1]
port_init_NoALT         0x000086fd    0x62  Code  Gb  MK60_port.o [1]
pow                     0x0000bc4f     0xe  Code  Gb  pow.o [4]
print                   0x00006f15   0x10e  Code  Gb  GUI.o [1]
printf                  0x00008979    0x24  Code  Gb  printf.o [3]
protect                 0x00000e15    0xa8  Code  Gb  image.o [1]
protect_flag            0x1fff1014     0x4  Data  Gb  image.o [1]
putchar                 0x0000e4a9     0xc  Code  Gb  putchar.o [3]
qianzhancontrol         0x00005811    0x8e  Code  Gb  image.o [1]
right_daihao            0x1fff15c0     0x4  Data  Gb  image.o [1]
right_diubiancishu      0x1fff4fec     0x1  Data  Gb  image.o [1]
right_k                 0x1fff046c     0x4  Data  Gb  image.o [1]
rightguai               0x1fff4fdd     0x1  Data  Gb  image.o [1]
s                       0x1fff169c    0x14  Data  Gb  Init.o [1]
saidao_F                0x1fff4fe8     0x1  Data  Gb  image.o [1]
saidaokuan              0x1fff0470     0x1  Data  Gb  image.o [1]
saidaokuanyiban         0x1fff0472     0x1  Data  Gb  image.o [1]
saidaoleixing           0x1fff0473     0x1  Data  Gb  image.o [1]
saidaozuidaliekuan      0x1fff0471     0x1  Data  Gb  image.o [1]
sanxianqushipanduan     0x00005dbd   0x310  Code  Gb  image.o [1]
set_sys_dividers        0x1fff0e95    0x50  Code  Gb  MK60_mcg.o [1]
set_vector_handler      0x0000a8df    0x22  Code  Gb  misc.o [1]
shizhizuidahangkuan     0x1fff0464     0x1  Data  Gb  image.o [1]
shiziscanfbase          0x1fff0465     0x1  Data  Gb  image.o [1]
shizixiediubian         0x00004907    0x72  Code  Gb  image.o [1]
shu                     0x000012a5     0x6  Code  Gb  image.o [1]
size_P                  0x1fff0414     0x4  Data  Gb  GUI.o [1]
sousuojieshuhang        0x1fff4fe4     0x1  Data  Gb  image.o [1]
speed_dingshi           0x1fff15c8     0x4  Data  Gb  image.o [1]
st7735s_dir             0x1fff5001     0x1  Data  Gb  VCAN_LCD_ST7735S.o [1]
st7735s_h               0x1fff0c78     0x2  Data  Gb  VCAN_LCD_ST7735S.o [1]
st7735s_w               0x1fff0c7a     0x2  Data  Gb  VCAN_LCD_ST7735S.o [1]
start                   0x0000e035    0x18  Code  Gb  system_MK60DZ10.o [1]
start_check             0x0000883d    0x9a  Code  Gb  MK60_conf.o [1]
state                   0x1fff1008     0x4  Data  Gb  GUI.o [1]
strchr                  0x00009889          Code  Gb  strchr.o [5]
strlen                  0x000098a1          Code  Gb  strlen.o [5]
suo                     0x000059b1    0xbe  Code  Gb  image.o [1]
suo_F                   0x1fff4fd5     0x1  Data  Gb  image.o [1]
sv_L                    0x1fff04b8     0x4  Data  Gb  Init.o [1]
sv_R                    0x1fff04bc     0x4  Data  Gb  Init.o [1]
sv_l                    0x1fff1674     0xc  Data  Gb  Init.o [1]
sv_r                    0x1fff1680     0xc  Data  Gb  Init.o [1]
sysinit                 0x0000e04d    0x3c  Code  Gb  system_MK60DZ10.o [1]
time                    0x1fff168c     0x4  Data  Gb  Init.o [1]
uart2_test_handler      0x0000a6b1    0xc8  Code  Gb  Init.o [1]
uart_getchar            0x00008bdd    0x1e  Code  Gb  MK60_uart.o [1]
uart_init               0x000089c9   0x214  Code  Gb  MK60_uart.o [1]
uart_putchar            0x00008bfb    0x1a  Code  Gb  MK60_uart.o [1]
uart_rx_irq_dis         0x00008c3f    0x3a  Code  Gb  MK60_uart.o [1]
uart_rx_irq_en          0x00008c15    0x2a  Code  Gb  MK60_uart.o [1]
valuejuli               0x1fff1698     0x4  Data  Gb  Init.o [1]
vector_str              0x1fff04c8   0x708  Data  Gb  MK60_conf.o [1]
vision_algorithm        0x00006161    0xcc  Code  Gb  image.o [1]
wdog_disable            0x0000e159    0x16  Code  Gb  MK60_wdog.o [1]
wdog_unlock             0x0000e16f    0x20  Code  Lc  MK60_wdog.o [1]
write_vtor              0x0000a8bd    0x22  Code  Gb  misc.o [1]
xielvfangcha            0x00004525   0x2ca  Code  Gb  image.o [1]
xx                      0x1fff0418     0x1  Data  Gb  GUI.o [1]
y                       0x1fff0c68     0x4  Data  Gb  PID.o [1]
yanhoutingche           0x1fff4ffa     0x1  Data  Gb  image.o [1]
yibianbuxian            0x00000ef5   0x24a  Code  Gb  image.o [1]
yy                      0x1fff0419     0x1  Data  Gb  GUI.o [1]
z                       0x1fff0c64     0x4  Data  Gb  PID.o [1]
zhidaopanduan           0x000060cd    0x40  Code  Gb  image.o [1]
zhidaopanduan_F         0x1fff15ac     0x4  Data  Gb  image.o [1]
zhixingshu              0x1fff4fe5     0x1  Data  Gb  image.o [1]
zongtiqushi             0x1fff15c4     0x4  Data  Gb  image.o [1]
zuidaliekuan            0x00001165    0x86  Code  Gb  image.o [1]


[1] = F:\3MyCar\CarC3.0\Prj\IAR\DZ10_Debug\Obj
[2] = command line
[3] = dl7M_tlf.a
[4] = m7M_tl.a
[5] = rt7M_tl.a

  52 544 bytes of readonly  code memory
     440 bytes of readwrite code memory
   6 254 bytes of readonly  data memory
  19 142 bytes of readwrite data memory

Errors: none
Warnings: none
